[0m[32mTask[0m [0m[36mstart[0m deno run -A --watch=static/,routes/ dev.ts
[0m[38;5;12mWatcher[0m Process started.
The manifest has been generated for 37 routes and 71 islands.

[48;5;121m[38;5;0m 🍋 Fresh ready [39m[49m
    [1mLocal:[22m [36mhttp://localhost:8000/[39m

[0m[38;5;12mWatcher[0m [0m[38;5;245mRestarting! File change detected: "/home/kagz03/VS Code/Muse/frontend-gateway/fresh.gen.ts"[0m

[48;5;121m[38;5;0m 🍋 Fresh ready [39m[49m
    [1mLocal:[22m [36mhttp://localhost:8001/[39m

[0m[38;5;12mWatcher[0m [0m[38;5;245mRestarting! File change detected: "/home/kagz03/VS Code/Muse/frontend-gateway/islands/journal/JournalGallery.tsx"[0m

[48;5;121m[38;5;0m 🍋 Fresh ready [39m[49m
    [1mLocal:[22m [36mhttp://localhost:8001/[39m

[0m[38;5;12mWatcher[0m [0m[38;5;245mRestarting! File change detected: "/home/kagz03/VS Code/Muse/frontend-gateway/islands/threads/ThreadsGallery.tsx"[0m

[48;5;121m[38;5;0m 🍋 Fresh ready [39m[49m
    [1mLocal:[22m [36mhttp://localhost:8001/[39m

[0m[38;5;12mWatcher[0m [0m[38;5;245mRestarting! File change detected: "/home/kagz03/VS Code/Muse/frontend-gateway/islands/threads/ThreadsGallery.tsx"[0m

[48;5;121m[38;5;0m 🍋 Fresh ready [39m[49m
    [1mLocal:[22m [36mhttp://localhost:8000/[39m

[0m[38;5;12mWatcher[0m [0m[38;5;245mRestarting! File change detected: "/home/kagz03/VS Code/Muse/frontend-gateway/fresh.gen.ts"[0m

[48;5;121m[38;5;0m 🍋 Fresh ready [39m[49m
    [1mLocal:[22m [36mhttp://localhost:8001/[39m

[0m[38;5;12mWatcher[0m [0m[38;5;245mRestarting! File change detected: "/home/kagz03/VS Code/Muse/frontend-gateway/signals/journal.ts"[0m

[48;5;121m[38;5;0m 🍋 Fresh ready [39m[49m
    [1mLocal:[22m [36mhttp://localhost:8000/[39m

[0m[38;5;12mWatcher[0m [0m[38;5;245mRestarting! File change detected: "/home/kagz03/VS Code/Muse/frontend-gateway/islands/journal/JournalGallery.tsx"[0m

[48;5;121m[38;5;0m 🍋 Fresh ready [39m[49m
    [1mLocal:[22m [36mhttp://localhost:8001/[39m

[0m[38;5;12mWatcher[0m [0m[38;5;245mRestarting! File change detected: "/home/kagz03/VS Code/Muse/frontend-gateway/utils/api.ts"[0m

[48;5;121m[38;5;0m 🍋 Fresh ready [39m[49m
    [1mLocal:[22m [36mhttp://localhost:8001/[39m

[0m[38;5;12mWatcher[0m [0m[38;5;245mRestarting! File change detected: "/home/kagz03/VS Code/Muse/frontend-gateway/utils/api.ts"[0m

[48;5;121m[38;5;0m 🍋 Fresh ready [39m[49m
    [1mLocal:[22m [36mhttp://localhost:8001/[39m

[0m[38;5;12mWatcher[0m [0m[38;5;245mRestarting! File change detected: "/home/kagz03/VS Code/Muse/frontend-gateway/islands/journal/StreakCard.tsx"[0m

[48;5;121m[38;5;0m 🍋 Fresh ready [39m[49m
    [1mLocal:[22m [36mhttp://localhost:8001/[39m

[0m[38;5;12mWatcher[0m [0m[38;5;245mRestarting! File change detected: "/home/kagz03/VS Code/Muse/frontend-gateway/islands/journal/StreakCard.tsx"[0m

[48;5;121m[38;5;0m 🍋 Fresh ready [39m[49m
    [1mLocal:[22m [36mhttp://localhost:8001/[39m

[0m[38;5;12mWatcher[0m [0m[38;5;245mRestarting! File change detected: "/home/kagz03/VS Code/Muse/frontend-gateway/islands/journal/JournalGallery.tsx"[0m

[48;5;121m[38;5;0m 🍋 Fresh ready [39m[49m
    [1mLocal:[22m [36mhttp://localhost:8001/[39m

[0m[38;5;12mWatcher[0m [0m[38;5;245mRestarting! File change detected: "/home/kagz03/VS Code/Muse/frontend-gateway/islands/journal/JournalGallery.tsx"[0m

[48;5;121m[38;5;0m 🍋 Fresh ready [39m[49m
    [1mLocal:[22m [36mhttp://localhost:8000/[39m

[0m[38;5;12mWatcher[0m [0m[38;5;245mRestarting! File change detected: "/home/kagz03/VS Code/Muse/frontend-gateway/islands/journal/JournalGallery.tsx"[0m

[48;5;121m[38;5;0m 🍋 Fresh ready [39m[49m
    [1mLocal:[22m [36mhttp://localhost:8001/[39m

[0m[38;5;12mWatcher[0m [0m[38;5;245mRestarting! File change detected: "/home/kagz03/VS Code/Muse/frontend-gateway/islands/journal/MilestoneNotification.tsx"[0m

[48;5;121m[38;5;0m 🍋 Fresh ready [39m[49m
    [1mLocal:[22m [36mhttp://localhost:8000/[39m

[0m[38;5;12mWatcher[0m [0m[38;5;245mRestarting! File change detected: "/home/kagz03/VS Code/Muse/frontend-gateway/islands/journal/JournalEntryView.tsx"[0m

[48;5;121m[38;5;0m 🍋 Fresh ready [39m[49m
    [1mLocal:[22m [36mhttp://localhost:8001/[39m

[0m[38;5;12mWatcher[0m [0m[38;5;245mRestarting! File change detected: "/home/kagz03/VS Code/Muse/frontend-gateway/islands/journal/JournalEntryView.tsx"[0m

[48;5;121m[38;5;0m 🍋 Fresh ready [39m[49m
    [1mLocal:[22m [36mhttp://localhost:8001/[39m

[0m[38;5;12mWatcher[0m [0m[38;5;245mRestarting! File change detected: "/home/kagz03/VS Code/Muse/frontend-gateway/islands/journal/JournalEntryView.tsx"[0m

[48;5;121m[38;5;0m 🍋 Fresh ready [39m[49m
    [1mLocal:[22m [36mhttp://localhost:8001/[39m

[0m[38;5;12mWatcher[0m [0m[38;5;245mRestarting! File change detected: "/home/kagz03/VS Code/Muse/frontend-gateway/islands/journal/CommunityCard.tsx"[0m

[48;5;121m[38;5;0m 🍋 Fresh ready [39m[49m
    [1mLocal:[22m [36mhttp://localhost:8000/[39m

[0m[38;5;12mWatcher[0m [0m[38;5;245mRestarting! File change detected: "/home/kagz03/VS Code/Muse/frontend-gateway/islands/journal/DiscoveryFeed.tsx"[0m

[48;5;121m[38;5;0m 🍋 Fresh ready [39m[49m
    [1mLocal:[22m [36mhttp://localhost:8001/[39m

[0m[38;5;12mWatcher[0m [0m[38;5;245mRestarting! File change detected: "/home/kagz03/VS Code/Muse/frontend-gateway/fresh.gen.ts"[0m

[48;5;121m[38;5;0m 🍋 Fresh ready [39m[49m
    [1mLocal:[22m [36mhttp://localhost:8000/[39m

[0m[38;5;12mWatcher[0m [0m[38;5;245mRestarting! File change detected: "/home/kagz03/VS Code/Muse/frontend-gateway/signals/vault.ts"[0m

[48;5;121m[38;5;0m 🍋 Fresh ready [39m[49m
    [1mLocal:[22m [36mhttp://localhost:8000/[39m

✘ [ERROR] Failed to spawn '/home/kagz03/.deno/bin/deno (deleted)': No such file or directory (os error 2) [plugin deno-loader]

✘ [ERROR] Failed to spawn '/home/kagz03/.deno/bin/deno (deleted)': No such file or directory (os error 2) [plugin deno-loader]

✘ [ERROR] Failed to spawn '/home/kagz03/.deno/bin/deno (deleted)': No such file or directory (os error 2) [plugin deno-loader]

✘ [ERROR] Failed to spawn '/home/kagz03/.deno/bin/deno (deleted)': No such file or directory (os error 2) [plugin deno-loader]

✘ [ERROR] Failed to spawn '/home/kagz03/.deno/bin/deno (deleted)': No such file or directory (os error 2) [plugin deno-loader]

✘ [ERROR] Failed to spawn '/home/kagz03/.deno/bin/deno (deleted)': No such file or directory (os error 2) [plugin deno-loader]

✘ [ERROR] Failed to spawn '/home/kagz03/.deno/bin/deno (deleted)': No such file or directory (os error 2) [plugin deno-loader]

✘ [ERROR] Failed to spawn '/home/kagz03/.deno/bin/deno (deleted)': No such file or directory (os error 2) [plugin deno-loader]

✘ [ERROR] Failed to spawn '/home/kagz03/.deno/bin/deno (deleted)': No such file or directory (os error 2) [plugin deno-loader]

✘ [ERROR] Failed to spawn '/home/kagz03/.deno/bin/deno (deleted)': No such file or directory (os error 2) [plugin deno-loader]

✘ [ERROR] Failed to spawn '/home/kagz03/.deno/bin/deno (deleted)': No such file or directory (os error 2) [plugin deno-loader]

✘ [ERROR] Failed to spawn '/home/kagz03/.deno/bin/deno (deleted)': No such file or directory (os error 2) [plugin deno-loader]

✘ [ERROR] Failed to spawn '/home/kagz03/.deno/bin/deno (deleted)': No such file or directory (os error 2) [plugin deno-loader]

✘ [ERROR] Failed to spawn '/home/kagz03/.deno/bin/deno (deleted)': No such file or directory (os error 2) [plugin deno-loader]

✘ [ERROR] Failed to spawn '/home/kagz03/.deno/bin/deno (deleted)': No such file or directory (os error 2) [plugin deno-loader]

✘ [ERROR] Failed to spawn '/home/kagz03/.deno/bin/deno (deleted)': No such file or directory (os error 2) [plugin deno-loader]

✘ [ERROR] Failed to spawn '/home/kagz03/.deno/bin/deno (deleted)': No such file or directory (os error 2) [plugin deno-loader]

✘ [ERROR] Failed to spawn '/home/kagz03/.deno/bin/deno (deleted)': No such file or directory (os error 2) [plugin deno-loader]

✘ [ERROR] Failed to spawn '/home/kagz03/.deno/bin/deno (deleted)': No such file or directory (os error 2) [plugin deno-loader]

✘ [ERROR] Failed to spawn '/home/kagz03/.deno/bin/deno (deleted)': No such file or directory (os error 2) [plugin deno-loader]

✘ [ERROR] Failed to spawn '/home/kagz03/.deno/bin/deno (deleted)': No such file or directory (os error 2) [plugin deno-loader]

✘ [ERROR] Failed to spawn '/home/kagz03/.deno/bin/deno (deleted)': No such file or directory (os error 2) [plugin deno-loader]

✘ [ERROR] Failed to spawn '/home/kagz03/.deno/bin/deno (deleted)': No such file or directory (os error 2) [plugin deno-loader]

✘ [ERROR] Failed to spawn '/home/kagz03/.deno/bin/deno (deleted)': No such file or directory (os error 2) [plugin deno-loader]

✘ [ERROR] Failed to spawn '/home/kagz03/.deno/bin/deno (deleted)': No such file or directory (os error 2) [plugin deno-loader]

✘ [ERROR] Failed to spawn '/home/kagz03/.deno/bin/deno (deleted)': No such file or directory (os error 2) [plugin deno-loader]

✘ [ERROR] Failed to spawn '/home/kagz03/.deno/bin/deno (deleted)': No such file or directory (os error 2) [plugin deno-loader]

✘ [ERROR] Failed to spawn '/home/kagz03/.deno/bin/deno (deleted)': No such file or directory (os error 2) [plugin deno-loader]

✘ [ERROR] Failed to spawn '/home/kagz03/.deno/bin/deno (deleted)': No such file or directory (os error 2) [plugin deno-loader]

✘ [ERROR] Failed to spawn '/home/kagz03/.deno/bin/deno (deleted)': No such file or directory (os error 2) [plugin deno-loader]

✘ [ERROR] Failed to spawn '/home/kagz03/.deno/bin/deno (deleted)': No such file or directory (os error 2) [plugin deno-loader]

✘ [ERROR] Failed to spawn '/home/kagz03/.deno/bin/deno (deleted)': No such file or directory (os error 2) [plugin deno-loader]

✘ [ERROR] Failed to spawn '/home/kagz03/.deno/bin/deno (deleted)': No such file or directory (os error 2) [plugin deno-loader]

✘ [ERROR] Failed to spawn '/home/kagz03/.deno/bin/deno (deleted)': No such file or directory (os error 2) [plugin deno-loader]

✘ [ERROR] Failed to spawn '/home/kagz03/.deno/bin/deno (deleted)': No such file or directory (os error 2) [plugin deno-loader]

✘ [ERROR] Failed to spawn '/home/kagz03/.deno/bin/deno (deleted)': No such file or directory (os error 2) [plugin deno-loader]

✘ [ERROR] Failed to spawn '/home/kagz03/.deno/bin/deno (deleted)': No such file or directory (os error 2) [plugin deno-loader]

✘ [ERROR] Failed to spawn '/home/kagz03/.deno/bin/deno (deleted)': No such file or directory (os error 2) [plugin deno-loader]

✘ [ERROR] Failed to spawn '/home/kagz03/.deno/bin/deno (deleted)': No such file or directory (os error 2) [plugin deno-loader]

✘ [ERROR] Failed to spawn '/home/kagz03/.deno/bin/deno (deleted)': No such file or directory (os error 2) [plugin deno-loader]

✘ [ERROR] Failed to spawn '/home/kagz03/.deno/bin/deno (deleted)': No such file or directory (os error 2) [plugin deno-loader]

✘ [ERROR] Failed to spawn '/home/kagz03/.deno/bin/deno (deleted)': No such file or directory (os error 2) [plugin deno-loader]

✘ [ERROR] Failed to spawn '/home/kagz03/.deno/bin/deno (deleted)': No such file or directory (os error 2) [plugin deno-loader]

✘ [ERROR] Failed to spawn '/home/kagz03/.deno/bin/deno (deleted)': No such file or directory (os error 2) [plugin deno-loader]

✘ [ERROR] Failed to spawn '/home/kagz03/.deno/bin/deno (deleted)': No such file or directory (os error 2) [plugin deno-loader]

✘ [ERROR] Failed to spawn '/home/kagz03/.deno/bin/deno (deleted)': No such file or directory (os error 2) [plugin deno-loader]

✘ [ERROR] Failed to spawn '/home/kagz03/.deno/bin/deno (deleted)': No such file or directory (os error 2) [plugin deno-loader]

✘ [ERROR] Failed to spawn '/home/kagz03/.deno/bin/deno (deleted)': No such file or directory (os error 2) [plugin deno-loader]

✘ [ERROR] Failed to spawn '/home/kagz03/.deno/bin/deno (deleted)': No such file or directory (os error 2) [plugin deno-loader]

✘ [ERROR] Failed to spawn '/home/kagz03/.deno/bin/deno (deleted)': No such file or directory (os error 2) [plugin deno-loader]

✘ [ERROR] Failed to spawn '/home/kagz03/.deno/bin/deno (deleted)': No such file or directory (os error 2) [plugin deno-loader]

✘ [ERROR] Failed to spawn '/home/kagz03/.deno/bin/deno (deleted)': No such file or directory (os error 2) [plugin deno-loader]

✘ [ERROR] Failed to spawn '/home/kagz03/.deno/bin/deno (deleted)': No such file or directory (os error 2) [plugin deno-loader]

✘ [ERROR] Failed to spawn '/home/kagz03/.deno/bin/deno (deleted)': No such file or directory (os error 2) [plugin deno-loader]

✘ [ERROR] Failed to spawn '/home/kagz03/.deno/bin/deno (deleted)': No such file or directory (os error 2) [plugin deno-loader]

✘ [ERROR] Failed to spawn '/home/kagz03/.deno/bin/deno (deleted)': No such file or directory (os error 2) [plugin deno-loader]

✘ [ERROR] Failed to spawn '/home/kagz03/.deno/bin/deno (deleted)': No such file or directory (os error 2) [plugin deno-loader]

✘ [ERROR] Failed to spawn '/home/kagz03/.deno/bin/deno (deleted)': No such file or directory (os error 2) [plugin deno-loader]

✘ [ERROR] Failed to spawn '/home/kagz03/.deno/bin/deno (deleted)': No such file or directory (os error 2) [plugin deno-loader]

✘ [ERROR] Failed to spawn '/home/kagz03/.deno/bin/deno (deleted)': No such file or directory (os error 2) [plugin deno-loader]

✘ [ERROR] Failed to spawn '/home/kagz03/.deno/bin/deno (deleted)': No such file or directory (os error 2) [plugin deno-loader]

✘ [ERROR] Failed to spawn '/home/kagz03/.deno/bin/deno (deleted)': No such file or directory (os error 2) [plugin deno-loader]

✘ [ERROR] Failed to spawn '/home/kagz03/.deno/bin/deno (deleted)': No such file or directory (os error 2) [plugin deno-loader]

✘ [ERROR] Failed to spawn '/home/kagz03/.deno/bin/deno (deleted)': No such file or directory (os error 2) [plugin deno-loader]

✘ [ERROR] Failed to spawn '/home/kagz03/.deno/bin/deno (deleted)': No such file or directory (os error 2) [plugin deno-loader]

✘ [ERROR] Failed to spawn '/home/kagz03/.deno/bin/deno (deleted)': No such file or directory (os error 2) [plugin deno-loader]

✘ [ERROR] Failed to spawn '/home/kagz03/.deno/bin/deno (deleted)': No such file or directory (os error 2) [plugin deno-loader]

✘ [ERROR] Failed to spawn '/home/kagz03/.deno/bin/deno (deleted)': No such file or directory (os error 2) [plugin deno-loader]

✘ [ERROR] Failed to spawn '/home/kagz03/.deno/bin/deno (deleted)': No such file or directory (os error 2) [plugin deno-loader]

✘ [ERROR] Failed to spawn '/home/kagz03/.deno/bin/deno (deleted)': No such file or directory (os error 2) [plugin deno-loader]

✘ [ERROR] Failed to spawn '/home/kagz03/.deno/bin/deno (deleted)': No such file or directory (os error 2) [plugin deno-loader]

✘ [ERROR] Failed to spawn '/home/kagz03/.deno/bin/deno (deleted)': No such file or directory (os error 2) [plugin deno-loader]

✘ [ERROR] Failed to spawn '/home/kagz03/.deno/bin/deno (deleted)': No such file or directory (os error 2) [plugin deno-loader]

✘ [ERROR] Failed to spawn '/home/kagz03/.deno/bin/deno (deleted)': No such file or directory (os error 2) [plugin deno-loader]

✘ [ERROR] Failed to spawn '/home/kagz03/.deno/bin/deno (deleted)': No such file or directory (os error 2) [plugin deno-loader]

An error occurred during route handling or page rendering.
Error: Build failed with 75 errors:
error: Failed to spawn '/home/kagz03/.deno/bin/deno (deleted)': No such file or directory (os error 2)
error: Failed to spawn '/home/kagz03/.deno/bin/deno (deleted)': No such file or directory (os error 2)
error: Failed to spawn '/home/kagz03/.deno/bin/deno (deleted)': No such file or directory (os error 2)
error: Failed to spawn '/home/kagz03/.deno/bin/deno (deleted)': No such file or directory (os error 2)
error: Failed to spawn '/home/kagz03/.deno/bin/deno (deleted)': No such file or directory (os error 2)
...
    at failureErrorWithLog (https://deno.land/x/esbuild@v0.20.2/mod.js:1626:15)
    at https://deno.land/x/esbuild@v0.20.2/mod.js:1034:25
    at runOnEndCallbacks (https://deno.land/x/esbuild@v0.20.2/mod.js:1461:45)
    at buildResponseToResult (https://deno.land/x/esbuild@v0.20.2/mod.js:1032:7)
    at https://deno.land/x/esbuild@v0.20.2/mod.js:1061:16
    at responseCallbacks.<computed> (https://deno.land/x/esbuild@v0.20.2/mod.js:679:9)
    at handleIncomingPacket (https://deno.land/x/esbuild@v0.20.2/mod.js:739:9)
    at readFromStdout (https://deno.land/x/esbuild@v0.20.2/mod.js:655:7)
    at https://deno.land/x/esbuild@v0.20.2/mod.js:1974:11 {
  errors: [Getter/Setter],
  warnings: [Getter/Setter]
}
[0m[38;5;12mWatcher[0m [0m[38;5;245mRestarting! File change detected: "/home/kagz03/VS Code/Muse/frontend-gateway/fresh.gen.ts"[0m

[48;5;121m[38;5;0m 🍋 Fresh ready [39m[49m
    [1mLocal:[22m [36mhttp://localhost:8002/[39m

